[INFO] Scanning for projects...
[WARNING] 
[WARNING] Some problems were encountered while building the effective model for org.openmrs.module:cds-api:jar:1.0.0-SNAPSHOT
[WARNING] 'dependencyManagement.dependencies.dependency.scope' for org.openmrs.module:dataexchange-omod:jar:tests must be one of [provided, compile, runtime, test, system, import] but is 'tests'. @ org.openmrs.distro:referenceapplication:2.7.0, C:\Users\ginte\.m2\repository\org\openmrs\distro\referenceapplication\2.7.0\referenceapplication-2.7.0.pom, line 834, column 12
[WARNING] 'dependencyManagement.dependencies.dependency.scope' for org.openmrs.module:allergyui-api:jar:tests must be one of [provided, compile, runtime, test, system, import] but is 'tests'. @ org.openmrs.distro:referenceapplication:2.7.0, C:\Users\ginte\.m2\repository\org\openmrs\distro\referenceapplication\2.7.0\referenceapplication-2.7.0.pom, line 847, column 12
[WARNING] 'dependencyManagement.dependencies.dependency.scope' for org.openmrs.module:formentryapp-api:jar:tests must be one of [provided, compile, runtime, test, system, import] but is 'tests'. @ org.openmrs.distro:referenceapplication:2.7.0, C:\Users\ginte\.m2\repository\org\openmrs\distro\referenceapplication\2.7.0\referenceapplication-2.7.0.pom, line 867, column 12
[WARNING] 'dependencyManagement.dependencies.dependency.scope' for org.openmrs.module:legacyui-api:jar:tests must be one of [provided, compile, runtime, test, system, import] but is 'tests'. @ org.openmrs.distro:referenceapplication:2.7.0, C:\Users\ginte\.m2\repository\org\openmrs\distro\referenceapplication\2.7.0\referenceapplication-2.7.0.pom, line 934, column 12
[WARNING] 'dependencyManagement.dependencies.dependency.scope' for org.openmrs.module:reportingcompatibility-api:jar:tests must be one of [provided, compile, runtime, test, system, import] but is 'tests'. @ org.openmrs.distro:referenceapplication:2.7.0, C:\Users\ginte\.m2\repository\org\openmrs\distro\referenceapplication\2.7.0\referenceapplication-2.7.0.pom, line 953, column 12
[WARNING] 
[WARNING] Some problems were encountered while building the effective model for org.openmrs.module:cds-omod:jar:1.0.0-SNAPSHOT
[WARNING] 'dependencyManagement.dependencies.dependency.scope' for org.openmrs.module:dataexchange-omod:jar:tests must be one of [provided, compile, runtime, test, system, import] but is 'tests'. @ org.openmrs.distro:referenceapplication:2.7.0, C:\Users\ginte\.m2\repository\org\openmrs\distro\referenceapplication\2.7.0\referenceapplication-2.7.0.pom, line 834, column 12
[WARNING] 'dependencyManagement.dependencies.dependency.scope' for org.openmrs.module:allergyui-api:jar:tests must be one of [provided, compile, runtime, test, system, import] but is 'tests'. @ org.openmrs.distro:referenceapplication:2.7.0, C:\Users\ginte\.m2\repository\org\openmrs\distro\referenceapplication\2.7.0\referenceapplication-2.7.0.pom, line 847, column 12
[WARNING] 'dependencyManagement.dependencies.dependency.scope' for org.openmrs.module:formentryapp-api:jar:tests must be one of [provided, compile, runtime, test, system, import] but is 'tests'. @ org.openmrs.distro:referenceapplication:2.7.0, C:\Users\ginte\.m2\repository\org\openmrs\distro\referenceapplication\2.7.0\referenceapplication-2.7.0.pom, line 867, column 12
[WARNING] 'dependencyManagement.dependencies.dependency.scope' for org.openmrs.module:legacyui-api:jar:tests must be one of [provided, compile, runtime, test, system, import] but is 'tests'. @ org.openmrs.distro:referenceapplication:2.7.0, C:\Users\ginte\.m2\repository\org\openmrs\distro\referenceapplication\2.7.0\referenceapplication-2.7.0.pom, line 934, column 12
[WARNING] 'dependencyManagement.dependencies.dependency.scope' for org.openmrs.module:reportingcompatibility-api:jar:tests must be one of [provided, compile, runtime, test, system, import] but is 'tests'. @ org.openmrs.distro:referenceapplication:2.7.0, C:\Users\ginte\.m2\repository\org\openmrs\distro\referenceapplication\2.7.0\referenceapplication-2.7.0.pom, line 953, column 12
[WARNING] 
[WARNING] Some problems were encountered while building the effective model for org.openmrs.module:cds:pom:1.0.0-SNAPSHOT
[WARNING] 'dependencyManagement.dependencies.dependency.scope' for org.openmrs.module:dataexchange-omod:jar:tests must be one of [provided, compile, runtime, test, system, import] but is 'tests'. @ org.openmrs.distro:referenceapplication:2.7.0, C:\Users\ginte\.m2\repository\org\openmrs\distro\referenceapplication\2.7.0\referenceapplication-2.7.0.pom, line 834, column 12
[WARNING] 'dependencyManagement.dependencies.dependency.scope' for org.openmrs.module:allergyui-api:jar:tests must be one of [provided, compile, runtime, test, system, import] but is 'tests'. @ org.openmrs.distro:referenceapplication:2.7.0, C:\Users\ginte\.m2\repository\org\openmrs\distro\referenceapplication\2.7.0\referenceapplication-2.7.0.pom, line 847, column 12
[WARNING] 'dependencyManagement.dependencies.dependency.scope' for org.openmrs.module:formentryapp-api:jar:tests must be one of [provided, compile, runtime, test, system, import] but is 'tests'. @ org.openmrs.distro:referenceapplication:2.7.0, C:\Users\ginte\.m2\repository\org\openmrs\distro\referenceapplication\2.7.0\referenceapplication-2.7.0.pom, line 867, column 12
[WARNING] 'dependencyManagement.dependencies.dependency.scope' for org.openmrs.module:legacyui-api:jar:tests must be one of [provided, compile, runtime, test, system, import] but is 'tests'. @ org.openmrs.distro:referenceapplication:2.7.0, C:\Users\ginte\.m2\repository\org\openmrs\distro\referenceapplication\2.7.0\referenceapplication-2.7.0.pom, line 934, column 12
[WARNING] 'dependencyManagement.dependencies.dependency.scope' for org.openmrs.module:reportingcompatibility-api:jar:tests must be one of [provided, compile, runtime, test, system, import] but is 'tests'. @ org.openmrs.distro:referenceapplication:2.7.0, C:\Users\ginte\.m2\repository\org\openmrs\distro\referenceapplication\2.7.0\referenceapplication-2.7.0.pom, line 953, column 12
[WARNING] 
[WARNING] It is highly recommended to fix these problems because they threaten the stability of your build.
[WARNING] 
[WARNING] For this reason, future Maven versions might no longer support building such malformed projects.
[WARNING] 
[INFO] ------------------------------------------------------------------------
[INFO] Reactor Build Order:
[INFO] 
[INFO] Clinical Data System                                               [pom]
[INFO] Clinical Data System API                                           [jar]
[INFO] Clinical Data System OMOD                                          [jar]
[INFO] 
[INFO] -----------------------< org.openmrs.module:cds >-----------------------
[INFO] Building Clinical Data System 1.0.0-SNAPSHOT                       [1/3]
[INFO]   from pom.xml
[INFO] --------------------------------[ pom ]---------------------------------
[INFO] 
[INFO] --- clean:3.2.0:clean (default-clean) @ cds ---
[INFO] 
[INFO] --- buildnumber:1.1:create (default) @ cds ---
[INFO] Checking for local modifications: skipped.
[INFO] Updating project files from SCM: skipped.
[INFO] ShortRevision tag detected. The value is '6'.
[INFO] Executing: cmd.exe /X /C "git rev-parse --verify --short=6 HEAD"
[INFO] Working directory: C:\Users\ginte\OneDrive\Desktop\ihvnprojects\cds
[INFO] Storing buildNumber: 7b5340 at timestamp: 1768309313569
[INFO] ShortRevision tag detected. The value is '6'.
[INFO] Executing: cmd.exe /X /C "git rev-parse --verify --short=6 HEAD"
[INFO] Working directory: C:\Users\ginte\OneDrive\Desktop\ihvnprojects\cds
[INFO] Storing buildScmBranch: UNKNOWN
[INFO] 
[INFO] --- java-formatter:0.4:format (default) @ cds ---
[INFO] Using 'UTF-8' encoding to format source files.
[INFO] Number of files to be formatted: 0
[INFO] 
[INFO] --- install:3.1.2:install (default-install) @ cds ---
[INFO] Installing C:\Users\ginte\OneDrive\Desktop\ihvnprojects\cds\pom.xml to C:\Users\ginte\.m2\repository\org\openmrs\module\cds\1.0.0-SNAPSHOT\cds-1.0.0-SNAPSHOT.pom
[INFO] 
[INFO] ---------------------< org.openmrs.module:cds-api >---------------------
[INFO] Building Clinical Data System API 1.0.0-SNAPSHOT                   [2/3]
[INFO]   from api\pom.xml
[INFO] --------------------------------[ jar ]---------------------------------
[INFO] 
[INFO] --- clean:3.2.0:clean (default-clean) @ cds-api ---
[INFO] Deleting C:\Users\ginte\OneDrive\Desktop\ihvnprojects\cds\api\target
[INFO] 
[INFO] --- buildnumber:1.1:create (default) @ cds-api ---
[INFO] 
[INFO] --- java-formatter:0.4:format (default) @ cds-api ---
[INFO] Using 'UTF-8' encoding to format source files.
[INFO] Number of files to be formatted: 14
[INFO] Successfully formatted: 0 file(s)
[INFO] Fail to format        : 0 file(s)
[INFO] Skipped               : 14 file(s)
[INFO] Approximate time taken: 0s
[INFO] 
[INFO] --- resources:3.1.0:resources (default-resources) @ cds-api ---
[INFO] Using 'UTF-8' encoding to copy filtered resources.
[INFO] Copying 5 resources
[INFO] Copying 0 resource
[INFO] skip non existing resourceDirectory C:\Users\ginte\OneDrive\Desktop\ihvnprojects\cds\api\src\main\webapp
[INFO] skip non existing resourceDirectory C:\Users\ginte\OneDrive\Desktop\ihvnprojects\cds\api\src\main\webapp
[INFO] 
[INFO] --- compiler:3.8.1:compile (default-compile) @ cds-api ---
[INFO] Changes detected - recompiling the module!
[INFO] Compiling 10 source files to C:\Users\ginte\OneDrive\Desktop\ihvnprojects\cds\api\target\classes
[INFO] 
[INFO] --- resources:3.1.0:testResources (default-testResources) @ cds-api ---
[INFO] Not copying test resources
[INFO] 
[INFO] --- compiler:3.8.1:testCompile (default-testCompile) @ cds-api ---
[INFO] Not compiling test sources
[INFO] 
[INFO] --- surefire:3.1.2:test (default-test) @ cds-api ---
[INFO] Tests are skipped.
[INFO] 
[INFO] --- jar:2.5:jar (default-jar) @ cds-api ---
[INFO] Building jar: C:\Users\ginte\OneDrive\Desktop\ihvnprojects\cds\api\target\cds-api-1.0.0-SNAPSHOT.jar
[INFO] 
[INFO] --- jar:2.5:test-jar (default) @ cds-api ---
[INFO] Skipping packaging of the test-jar
[INFO] 
[INFO] --- install:3.1.2:install (default-install) @ cds-api ---
[INFO] Installing C:\Users\ginte\OneDrive\Desktop\ihvnprojects\cds\api\pom.xml to C:\Users\ginte\.m2\repository\org\openmrs\module\cds-api\1.0.0-SNAPSHOT\cds-api-1.0.0-SNAPSHOT.pom
[INFO] Installing C:\Users\ginte\OneDrive\Desktop\ihvnprojects\cds\api\target\cds-api-1.0.0-SNAPSHOT.jar to C:\Users\ginte\.m2\repository\org\openmrs\module\cds-api\1.0.0-SNAPSHOT\cds-api-1.0.0-SNAPSHOT.jar
[INFO] 
[INFO] --------------------< org.openmrs.module:cds-omod >---------------------
[INFO] Building Clinical Data System OMOD 1.0.0-SNAPSHOT                  [3/3]
[INFO]   from omod\pom.xml
[INFO] --------------------------------[ jar ]---------------------------------
[INFO] 
[INFO] --- clean:3.2.0:clean (default-clean) @ cds-omod ---
[INFO] Deleting C:\Users\ginte\OneDrive\Desktop\ihvnprojects\cds\omod\target
[INFO] 
[INFO] --- buildnumber:1.1:create (default) @ cds-omod ---
[INFO] 
[INFO] --- java-formatter:0.4:format (default) @ cds-omod ---
[INFO] Using 'UTF-8' encoding to format source files.
[INFO] Number of files to be formatted: 11
[INFO] Successfully formatted: 0 file(s)
[INFO] Fail to format        : 0 file(s)
[INFO] Skipped               : 11 file(s)
[INFO] Approximate time taken: 0s
[INFO] 
[INFO] --- resources:3.1.0:resources (default-resources) @ cds-omod ---
[INFO] Using 'UTF-8' encoding to copy filtered resources.
[INFO] Copying 2 resources
[INFO] Copying 1 resource
[INFO] Copying 0 resource to web/module
[INFO] Copying 10 resources to web/module
[INFO] 
[INFO] --- compiler:3.8.1:compile (default-compile) @ cds-omod ---
[INFO] Changes detected - recompiling the module!
[INFO] Compiling 9 source files to C:\Users\ginte\OneDrive\Desktop\ihvnprojects\cds\omod\target\classes
[INFO] Some messages have been simplified; recompile with -Xdiags:verbose to get full output
[INFO] -------------------------------------------------------------
[ERROR] COMPILATION ERROR : 
[INFO] -------------------------------------------------------------
[ERROR] /C:/Users/ginte/OneDrive/Desktop/ihvnprojects/cds/omod/src/main/java/org/openmrs/module/cds/fragment/controller/CdsdashboardFragmentController.java:[128,57] cannot find symbol
  symbol:   method getTrackingEfforts(org.openmrs.Patient)
  location: class org.openmrs.module.cds.fragment.controller.CdsdashboardFragmentController
[ERROR] /C:/Users/ginte/OneDrive/Desktop/ihvnprojects/cds/omod/src/main/java/org/openmrs/module/cds/fragment/controller/CdsdashboardFragmentController.java:[476,46] incompatible types: inference variable T has incompatible bounds
    equality constraints: org.openmrs.EncounterType
    lower bounds: org.openmrs.Form
[INFO] 2 errors 
[INFO] -------------------------------------------------------------
[INFO] ------------------------------------------------------------------------
[INFO] Reactor Summary for Clinical Data System 1.0.0-SNAPSHOT:
[INFO] 
[INFO] Clinical Data System ............................... SUCCESS [  0.755 s]
[INFO] Clinical Data System API ........................... SUCCESS [  1.809 s]
[INFO] Clinical Data System OMOD .......................... FAILURE [  1.095 s]
[INFO] ------------------------------------------------------------------------
[INFO] BUILD FAILURE
[INFO] ------------------------------------------------------------------------
[INFO] Total time:  4.017 s
[INFO] Finished at: 2026-01-13T14:01:56+01:00
[INFO] ------------------------------------------------------------------------
[ERROR] Failed to execute goal org.apache.maven.plugins:maven-compiler-plugin:3.8.1:compile (default-compile) on project cds-omod: Compilation failure: Compilation failure: 
[ERROR] /C:/Users/ginte/OneDrive/Desktop/ihvnprojects/cds/omod/src/main/java/org/openmrs/module/cds/fragment/controller/CdsdashboardFragmentController.java:[128,57] cannot find symbol
[ERROR]   symbol:   method getTrackingEfforts(org.openmrs.Patient)
[ERROR]   location: class org.openmrs.module.cds.fragment.controller.CdsdashboardFragmentController
[ERROR] /C:/Users/ginte/OneDrive/Desktop/ihvnprojects/cds/omod/src/main/java/org/openmrs/module/cds/fragment/controller/CdsdashboardFragmentController.java:[476,46] incompatible types: inference variable T has incompatible bounds
[ERROR]     equality constraints: org.openmrs.EncounterType
[ERROR]     lower bounds: org.openmrs.Form
[ERROR] -> [Help 1]
[ERROR] 
[ERROR] To see the full stack trace of the errors, re-run Maven with the -e switch.
[ERROR] Re-run Maven using the -X switch to enable full debug logging.
[ERROR] 
[ERROR] For more information about the errors and possible solutions, please read the following articles:
[ERROR] [Help 1] http://cwiki.apache.org/confluence/display/MAVEN/MojoFailureException
[ERROR] 
[ERROR] After correcting the problems, you can resume the build with the command
[ERROR]   mvn <args> -rf :cds-omod
